Microchip MPLAB XC8 Compiler V2.45

Linker command line:

-W-3 \
  --edf=C:\Program Files\Microchip\xc8\v2.45\pic\dat\20230818022343_en.msgs \
  -cn -h+dist/default/production\TP3.X.production.sym \
  --cmf=dist/default/production\TP3.X.production.cmf -z -Q18F25K80 \
  -oC:\Users\e1779425\AppData\Local\Temp\xcAsrp8.\driver_tmp_3.o \
  --defsym=__MPLAB_BUILD=1 --fixupoverflow=error \
  -Mdist/default/production/TP3.X.production.map \
  --md=C:\Users\e1779425\AppData\Local\Temp\xcAsrp8.\driver_tmp_0.dat -E1 \
  -ver=XC8 Compiler --acfsm=1493 -ACODE=00h-07FFFh -ACONST=00h-07FFFh \
  -ASMALLCONST=0F00h-0FFFhx113 -AMEDIUMCONST=0F00h-07FFFh -ACOMRAM=01h-05Fh \
  -AABS1=00h-0E40h -ABIGRAM=01h-0E40h \
  -ARAM=060h-0FFh,0100h-01FFhx13,0E00h-0E40h -ABANK0=060h-0FFh \
  -ABANK1=0100h-01FFh -ABANK2=0200h-02FFh -ABANK3=0300h-03FFh \
  -ABANK4=0400h-04FFh -ABANK5=0500h-05FFh -ABANK6=0600h-06FFh \
  -ABANK7=0700h-07FFh -ABANK8=0800h-08FFh -ABANK9=0900h-09FFh \
  -ABANK10=0A00h-0AFFh -ABANK11=0B00h-0BFFh -ABANK12=0C00h-0CFFh \
  -ABANK13=0D00h-0DFFh -ABANK14=0E00h-0E40h \
  -ASFR=0E41h-0EFFh,0F00h-0F5Fh,0F60h-0FFFh -ABIGSFR=0E41h-0FFFh \
  -ACONFIG=0300000h-030000Dh -AIDLOC=0200000h-0200007h \
  -AEEDATA=0F00000h-0F003FFh -peeprom_data=EEDATA \
  -preset_vec=00h,intcode=08h,intcodelo,powerup,init -pramtop=0F00h \
  -psmallconst=SMALLCONST -pmediumconst=MEDIUMCONST -pconst=CONST \
  -AFARRAM=00h-00h \
  -prdata=COMRAM,nvrram=COMRAM,nvbit=COMRAM,rbss=COMRAM,rbit=COMRAM \
  -pfarbss=FARRAM,fardata=FARRAM,nvFARRAM=FARRAM \
  -pintsave_regs=BIGRAM,bigbss=BIGRAM,bigdata=BIGRAM -pbss=RAM \
  -pidata=CODE,irdata=CODE,ibigdata=CODE,ifardata=CODE -prparam=COMRAM \
  C:\Users\e1779425\AppData\Local\Temp\xcAsrp8.\driver_tmp_14.o \
  dist/default/production\TP3.X.production.o 

Object code version is 3.11

Machine type is 18F25K80



                Name                               Link     Load   Length Selector   Space Scale
C:\Users\e1779425\AppData\Local\Temp\xcAsrp8.\driver_tmp_14.o
                idloc                            200000   200000        8        0       5
                config                           300000   300000        E        0       4
                init                                 6C       6C        4        4       0
                reset_vec                             0        0        4        0       0
dist/default/production\TP3.X.production.o
                intcode                               8        8       64        4       0
                idloc                            200000   200000        8        0       5
                config                           300000   300000        E        0       4
                temp                                 57       57        1        1       1
                mediumconst                        7EE8     7EE8      118     3F74       0
                text49                             2A0E     2A0E       28        4       0
                text48                             2AB0     2AB0       1A        4       0
                text47                             2AF4     2AF4       14        4       0
                text46                             28AC     28AC       3A        4       0
                text45                             2B62     2B62        2        4       0
                text44                             2870     2870       3C        4       0
                text42                             29E6     29E6       28        4       0
                text41                             2B54     2B54        A        4       0
                text40                             2B4A     2B4A        A        4       0
                text39                             2B40     2B40        A        4       0
                text38                             2832     2832       3E        4       0
                text37                             2B5E     2B5E        4        4       0
                text36                             2B1A     2B1A       12        4       0
                text35                             29BE     29BE       28        4       0
                text34                             2B08     2B08       12        4       0
                text33                             2B36     2B36        A        4       0
                text32                             2956     2956       38        4       0
                text31                             2A96     2A96       1A        4       0
                text30                             1C0E     1C0E      1B4        4       0
                text29                             2A7C     2A7C       1A        4       0
                text28                             2AE0     2AE0       14        4       0
                text27                             1352     1352      39A        4       0
                text26                             2498     2498       AA        4       0
                text25                             202C     202C      104        4       0
                text24                              F28      F28      42A        4       0
                text23                             291E     291E       38        4       0
                text22                              A68      A68      4C0        4       0
                text21                             27A8     27A8       46        4       0
                text20                             1F26     1F26      106        4       0
                text19                             2130     2130       FE        4       0
                text18                             19F8     19F8      216        4       0
                text17                             26B8     26B8       56        4       0
                text16                             270E     270E       50        4       0
                text15                             2ACA     2ACA       16        4       0
                text14                             2B2C     2B2C        A        4       0
                text13                             2320     2320       CA        4       0
                text12                             27EE     27EE       44        4       0
                text11                             2542     2542       9E        4       0
                text10                             28E6     28E6       38        4       0
                text9                                70       70      9F8        4       0
                text8                              2A36     2A36       26        4       0
                text7                              23EA     23EA       AE        4       0
                text6                              25E0     25E0       74        4       0
                text5                              2654     2654       64        4       0
                text4                              222E     222E       F2        4       0
                text3                              16EC     16EC      30C        4       0
                text2                              275E     275E       4A        4       0
                text1                              2A5C     2A5C       20        4       0
                text0                              1DC2     1DC2      164        4       0
                cstackCOMRAM                          1        1       4F        1       1
                cstackBANK0                          60       60       65       60       1
                bssBANK1                            100      100       50      100       1
                bssBANK0                             C5       C5        C       60       1
                bssCOMRAM                            50       50        5        1       1
                cinit                              298E     298E       30        4       0
                nvBANK0                              D1       D1        6       60       1
                nvCOMRAM                             55       55        2        1       1

TOTAL           Name                               Link     Load   Length     Space
        CLASS   CODE           
                intcode                               8        8       64         0
                init                                 6C       6C        4         0
                reset_vec                             0        0        4         0
                text49                             2A0E     2A0E       28         0
                text48                             2AB0     2AB0       1A         0
                text47                             2AF4     2AF4       14         0
                text46                             28AC     28AC       3A         0
                text45                             2B62     2B62        2         0
                text44                             2870     2870       3C         0
                text42                             29E6     29E6       28         0
                text41                             2B54     2B54        A         0
                text40                             2B4A     2B4A        A         0
                text39                             2B40     2B40        A         0
                text38                             2832     2832       3E         0
                text37                             2B5E     2B5E        4         0
                text36                             2B1A     2B1A       12         0
                text35                             29BE     29BE       28         0
                text34                             2B08     2B08       12         0
                text33                             2B36     2B36        A         0
                text32                             2956     2956       38         0
                text31                             2A96     2A96       1A         0
                text30                             1C0E     1C0E      1B4         0
                text29                             2A7C     2A7C       1A         0
                text28                             2AE0     2AE0       14         0
                text27                             1352     1352      39A         0
                text26                             2498     2498       AA         0
                text25                             202C     202C      104         0
                text24                              F28      F28      42A         0
                text23                             291E     291E       38         0
                text22                              A68      A68      4C0         0
                text21                             27A8     27A8       46         0
                text20                             1F26     1F26      106         0
                text19                             2130     2130       FE         0
                text18                             19F8     19F8      216         0
                text17                             26B8     26B8       56         0
                text16                             270E     270E       50         0
                text15                             2ACA     2ACA       16         0
                text14                             2B2C     2B2C        A         0
                text13                             2320     2320       CA         0
                text12                             27EE     27EE       44         0
                text11                             2542     2542       9E         0
                text10                             28E6     28E6       38         0
                text9                                70       70      9F8         0
                text8                              2A36     2A36       26         0
                text7                              23EA     23EA       AE         0
                text6                              25E0     25E0       74         0
                text5                              2654     2654       64         0
                text4                              222E     222E       F2         0
                text3                              16EC     16EC      30C         0
                text2                              275E     275E       4A         0
                text1                              2A5C     2A5C       20         0
                text0                              1DC2     1DC2      164         0
                cinit                              298E     298E       30         0

        CLASS   CONST          

        CLASS   SMALLCONST     

        CLASS   MEDIUMCONST    
                mediumconst                        7EE8     7EE8      118         0

        CLASS   COMRAM         
                temp                                 57       57        1         1
                cstackCOMRAM                          1        1       4F         1
                bssCOMRAM                            50       50        5         1
                nvCOMRAM                             55       55        2         1

        CLASS   ABS1           

        CLASS   BIGRAM         

        CLASS   RAM            

        CLASS   BANK0          
                cstackBANK0                          60       60       65         1
                bssBANK0                             C5       C5        C         1
                nvBANK0                              D1       D1        6         1

        CLASS   BANK1          
                bssBANK1                            100      100       50         1

        CLASS   BANK2          

        CLASS   BANK3          

        CLASS   BANK4          

        CLASS   BANK5          

        CLASS   BANK6          

        CLASS   BANK7          

        CLASS   BANK8          

        CLASS   BANK9          

        CLASS   BANK10         

        CLASS   BANK11         

        CLASS   BANK12         

        CLASS   BANK13         

        CLASS   BANK14         

        CLASS   SFR            

        CLASS   BIGSFR         

        CLASS   CONFIG         
                config                           300000   300000        E         4

        CLASS   IDLOC          
                idloc                            200000   200000        8         5

        CLASS   EEDATA         

        CLASS   FARRAM         

        CLASS   HEAP           

        CLASS   STACK          



SEGMENTS        Name                           Load    Length   Top    Selector   Space  Class

                reset_vec                      000000  000004  000004         0       0  CODE    
                cstackCOMRAM                   000001  000057  000058         1       1  COMRAM  
                intcode                        000008  002B5C  002B64         4       0  CODE    
                cstackBANK0                    000060  000077  0000D7        60       1  BANK0   
                bssBANK1                       000100  000050  000150       100       1  BANK1   
                mediumconst                    007EE8  000118  008000      3F74       0  MEDIUMCO


UNUSED ADDRESS RANGES

        Name                Unused          Largest block    Delta
        BANK0            0000D7-0000FF               29
        BANK1            000150-0001FF               B0
        BANK10           000A00-000AFF              100
        BANK11           000B00-000BFF              100
        BANK12           000C00-000CFF              100
        BANK13           000D00-000DFF              100
        BANK14           000E00-000E40               41
        BANK2            000200-0002FF              100
        BANK3            000300-0003FF              100
        BANK4            000400-0004FF              100
        BANK5            000500-0005FF              100
        BANK6            000600-0006FF              100
        BANK7            000700-0007FF              100
        BANK8            000800-0008FF              100
        BANK9            000900-0009FF              100
        BIGRAM           000058-00005F                8
                         0000D7-0000FF               29
                         000150-000E40              CF1
        BIGSFR           000E41-000FFF              1BF
        CODE             000004-000007                4
                         002B64-007EE7             5384
        COMRAM           000058-00005F                8
        CONST            000004-000007                4
                         002B64-007EE7             5384
        EEDATA           F00000-F003FF              400
        MEDIUMCONST      002B64-007EE7             5384
        RAM              0000D7-0000FF               29
                         000150-000E40              100
        SFR              000E41-000FFF               BF
        SMALLCONST       002B64-007EE7              100

                                  Symbol Table

?___fladd                                       cstackCOMRAM 000009
?___fldiv                                       cstackCOMRAM 000030
?___flmul                                       cstackCOMRAM 000017
?___flneg                                       cstackCOMRAM 000009
?___flsub                                       cstackCOMRAM 000030
?___fltol                                       cstackCOMRAM 000009
?___fpclassifyf                                 cstackCOMRAM 000009
?___lwdiv                                       cstackCOMRAM 000009
?___lwmod                                       cstackCOMRAM 000009
?___wmul                                        cstackCOMRAM 000009
?___xxtofl                                      cstackCOMRAM 000009
?_floorf                                        cstackCOMRAM 000049
?_labs                                          cstackCOMRAM 000009
?_printf                                        cstackBANK0  0000B7
?_read_prec_or_width                            cstackCOMRAM 00000F
?_vfprintf                                      cstackBANK0  0000B0
EUSART1_SetErrorHandler@interruptHandler        cstackCOMRAM 000009
EUSART1_SetFramingErrorHandler@interruptHandler cstackCOMRAM 000009
EUSART1_SetOverrunErrorHandler@interruptHandler cstackCOMRAM 000009
EUSART1_Write@txData                            cstackCOMRAM 000009
SPI_ExchangeByte@data                           cstackCOMRAM 000009
TMR1_SetInterruptHandler@InterruptHandler       cstackCOMRAM 000009
TMR1_WriteTimer@timerVal                        cstackCOMRAM 000001
_ANCON0                                         (abs)        000F5D
_ANCON1                                         (abs)        000F5C
_BAUDCON1                                       (abs)        000FA7
_EUSART1_DefaultErrorHandler                    (abs)        000000
_EUSART1_DefaultFramingErrorHandler             (abs)        000000
_EUSART1_DefaultOverrunErrorHandler             (abs)        000000
_EUSART1_ErrorHandler                           nvBANK0      0000D1
_EUSART1_FramingErrorHandler                    nvBANK0      0000D5
_EUSART1_Initialize                             text38       002832
_EUSART1_OverrunErrorHandler                    nvBANK0      0000D3
_EUSART1_Read                                   text42       0029E6
_EUSART1_SetErrorHandler                        text41       002B54
_EUSART1_SetFramingErrorHandler                 text40       002B4A
_EUSART1_SetOverrunErrorHandler                 text39       002B40
_EUSART1_Write                                  text15       002ACA
_INTCON2bits                                    (abs)        000FF1
_INTCONbits                                     (abs)        000FF2
_INTERRUPT_Initialize                           text37       002B5E
_INTERRUPT_InterruptManager                     intcode      000008
_LATA                                           (abs)        000F89
_LATAbits                                       (abs)        000F89
_LATB                                           (abs)        000F8A
_LATC                                           (abs)        000F8B
_OSCCON                                         (abs)        000FD3
_OSCCON2                                        (abs)        000FD2
_OSCILLATOR_Initialize                          text36       002B1A
_OSCTUNE                                        (abs)        000F9B
_PIE1bits                                       (abs)        000F9D
_PIN_MANAGER_Initialize                         text35       0029BE
_PIR1bits                                       (abs)        000F9E
_RCONbits                                       (abs)        000FD0
_RCREG1                                         (abs)        000FAE
_RCSTA1                                         (abs)        000FAB
_RCSTA1bits                                     (abs)        000FAB
_REFOCON                                        (abs)        000F9A
_SPBRG1                                         (abs)        000FAF
_SPBRGH1                                        (abs)        000F7D
_SPI_ExchangeByte                               text29       002A7C
_SPI_Initialize                                 text34       002B08
_SSPADD                                         (abs)        000FC8
_SSPBUF                                         (abs)        000FC9
_SSPCON1                                        (abs)        000FC6
_SSPCON1bits                                    (abs)        000FC6
_SSPCON2                                        (abs)        000FC5
_SSPSTAT                                        (abs)        000FC7
_SYSTEM_Initialize                              text31       002A96
_T1CON                                          (abs)        000FCD
_T1CONbits                                      (abs)        000FCD
_T1GCON                                         (abs)        000FAA
_T1GCONbits                                     (abs)        000FAA
_TMR1H                                          (abs)        000FCF
_TMR1L                                          (abs)        000FCE
_TMR1_DefaultInterruptHandler                   text45       002B62
_TMR1_ISR                                       text44       002870
_TMR1_Initialize                                text32       002956
_TMR1_InterruptHandler                          nvCOMRAM     000055
_TMR1_SetInterruptHandler                       text33       002B36
_TMR1_WriteTimer                                text49       002A0E
_TRISA                                          (abs)        000F92
_TRISB                                          (abs)        000F93
_TRISC                                          (abs)        000F94
_TRISCbits                                      (abs)        000F94
_TXREG1                                         (abs)        000FAD
_TXSTA1                                         (abs)        000FAC
_TXSTA1bits                                     (abs)        000FAC
_WPUB                                           (abs)        000F5B
__HRAM                                          (abs)        000000
__H__absolute__                                 __absolute__ 000000
__Habs1                                         abs1         000000
__Hbank0                                        bank0        000000
__Hbank1                                        bank1        000000
__Hbank10                                       bank10       000000
__Hbank11                                       bank11       000000
__Hbank12                                       bank12       000000
__Hbank13                                       bank13       000000
__Hbank14                                       bank14       000000
__Hbank2                                        bank2        000000
__Hbank3                                        bank3        000000
__Hbank4                                        bank4        000000
__Hbank5                                        bank5        000000
__Hbank6                                        bank6        000000
__Hbank7                                        bank7        000000
__Hbank8                                        bank8        000000
__Hbank9                                        bank9        000000
__Hbigbss                                       bigbss       000000
__Hbigdata                                      bigdata      000000
__Hbigram                                       bigram       000000
__Hbigsfr                                       bigsfr       000000
__Hbss                                          bss          000000
__HbssBANK0                                     bssBANK0     000000
__HbssBANK1                                     bssBANK1     000000
__HbssCOMRAM                                    bssCOMRAM    000000
__Hcinit                                        cinit        000000
__Hclrtext                                      clrtext      000000
__Hcomram                                       comram       000000
__Hconfig                                       config       30000E
__Hconst                                        const        000000
__HcstackBANK0                                  cstackBANK0  000000
__HcstackCOMRAM                                 cstackCOMRAM 000000
__Hdata                                         data         000000
__Heeprom_data                                  eeprom_data  000000
__Hfarbss                                       farbss       000000
__Hfardata                                      fardata      000000
__Hheap                                         heap         000000
__Hibigdata                                     ibigdata     000000
__Hidata                                        idata        000000
__Hidloc                                        idloc        200008
__Hifardata                                     ifardata     000000
__Hinit                                         init         000070
__Hintcode                                      intcode      00006C
__Hintcode_body                                 intcode_body 000000
__Hintcodelo                                    intcodelo    00006C
__Hintentry                                     intentry     000000
__Hintret                                       intret       000000
__Hintsave_regs                                 intsave_regs 000000
__Hirdata                                       irdata       000000
__Hmediumconst                                  mediumconst  008000
__HnvBANK0                                      nvBANK0      000000
__HnvCOMRAM                                     nvCOMRAM     000000
__HnvFARRAM                                     nvFARRAM     000000
__Hnvbit                                        nvbit        000000
__Hnvrram                                       nvrram       000000
__Hparam                                        rparam       000000
__Hpowerup                                      powerup      00006C
__Hram                                          ram          000000
__Hramtop                                       ramtop       000F00
__Hrbit                                         rbit         000000
__Hrbss                                         rbss         000000
__Hrdata                                        rdata        000000
__Hreset_vec                                    reset_vec    000004
__Hrparam                                       rparam       000000
__Hsfr                                          sfr          000000
__Hsmallconst                                   smallconst   000000
__Hspace_0                                      (abs)        008000
__Hspace_1                                      (abs)        000150
__Hspace_2                                      (abs)        000000
__Hspace_4                                      (abs)        60000E
__Hstack                                        stack        000000
__Hstruct                                       struct       000000
__Htemp                                         temp         000058
__Htext                                         text         000000
__Htext0                                        text0        000000
__Htext1                                        text1        000000
__Htext10                                       text10       000000
__Htext11                                       text11       000000
__Htext12                                       text12       000000
__Htext13                                       text13       000000
__Htext14                                       text14       000000
__Htext15                                       text15       000000
__Htext16                                       text16       000000
__Htext17                                       text17       000000
__Htext18                                       text18       000000
__Htext19                                       text19       000000
__Htext2                                        text2        000000
__Htext20                                       text20       000000
__Htext21                                       text21       000000
__Htext22                                       text22       000000
__Htext23                                       text23       000000
__Htext24                                       text24       000000
__Htext25                                       text25       000000
__Htext26                                       text26       000000
__Htext27                                       text27       000000
__Htext28                                       text28       000000
__Htext29                                       text29       000000
__Htext3                                        text3        000000
__Htext30                                       text30       000000
__Htext31                                       text31       000000
__Htext32                                       text32       000000
__Htext33                                       text33       000000
__Htext34                                       text34       000000
__Htext35                                       text35       000000
__Htext36                                       text36       000000
__Htext37                                       text37       000000
__Htext38                                       text38       000000
__Htext39                                       text39       000000
__Htext4                                        text4        000000
__Htext40                                       text40       000000
__Htext41                                       text41       000000
__Htext42                                       text42       000000
__Htext44                                       text44       000000
__Htext45                                       text45       000000
__Htext46                                       text46       000000
__Htext47                                       text47       000000
__Htext48                                       text48       000000
__Htext49                                       text49       000000
__Htext5                                        text5        000000
__Htext50                                       text50       000000
__Htext6                                        text6        000000
__Htext7                                        text7        000000
__Htext8                                        text8        000000
__Htext9                                        text9        000000
__LRAM                                          (abs)        000001
__L__absolute__                                 __absolute__ 000000
__Labs1                                         abs1         000000
__Lbank0                                        bank0        000000
__Lbank1                                        bank1        000000
__Lbank10                                       bank10       000000
__Lbank11                                       bank11       000000
__Lbank12                                       bank12       000000
__Lbank13                                       bank13       000000
__Lbank14                                       bank14       000000
__Lbank2                                        bank2        000000
__Lbank3                                        bank3        000000
__Lbank4                                        bank4        000000
__Lbank5                                        bank5        000000
__Lbank6                                        bank6        000000
__Lbank7                                        bank7        000000
__Lbank8                                        bank8        000000
__Lbank9                                        bank9        000000
__Lbigbss                                       bigbss       000000
__Lbigdata                                      bigdata      000000
__Lbigram                                       bigram       000000
__Lbigsfr                                       bigsfr       000000
__Lbss                                          bss          000000
__LbssBANK0                                     bssBANK0     000000
__LbssBANK1                                     bssBANK1     000000
__LbssCOMRAM                                    bssCOMRAM    000000
__Lcinit                                        cinit        000000
__Lclrtext                                      clrtext      000000
__Lcomram                                       comram       000000
__Lconfig                                       config       000000
__Lconst                                        const        000000
__LcstackBANK0                                  cstackBANK0  000000
__LcstackCOMRAM                                 cstackCOMRAM 000000
__Ldata                                         data         000000
__Leeprom_data                                  eeprom_data  000000
__Lfarbss                                       farbss       000000
__Lfardata                                      fardata      000000
__Lheap                                         heap         000000
__Libigdata                                     ibigdata     000000
__Lidata                                        idata        000000
__Lidloc                                        idloc        000000
__Lifardata                                     ifardata     000000
__Linit                                         init         00006C
__Lintcode                                      intcode      000008
__Lintcode_body                                 intcode_body 000000
__Lintcodelo                                    intcodelo    00006C
__Lintentry                                     intentry     000000
__Lintret                                       intret       000000
__Lintsave_regs                                 intsave_regs 000000
__Lirdata                                       irdata       000000
__Lmediumconst                                  mediumconst  007EE8
__LnvBANK0                                      nvBANK0      000000
__LnvCOMRAM                                     nvCOMRAM     000000
__LnvFARRAM                                     nvFARRAM     000000
__Lnvbit                                        nvbit        000000
__Lnvrram                                       nvrram       000000
__Lparam                                        rparam       000000
__Lpowerup                                      powerup      00006C
__Lram                                          ram          000000
__Lramtop                                       ramtop       000F00
__Lrbit                                         rbit         000000
__Lrbss                                         rbss         000000
__Lrdata                                        rdata        000000
__Lreset_vec                                    reset_vec    000000
__Lrparam                                       rparam       000000
__Lsfr                                          sfr          000000
__Lsmallconst                                   smallconst   000000
__Lspace_0                                      (abs)        000000
__Lspace_1                                      (abs)        000000
__Lspace_2                                      (abs)        000000
__Lspace_4                                      (abs)        000000
__Lstack                                        stack        000000
__Lstruct                                       struct       000000
__Ltemp                                         temp         000057
__Ltext                                         text         000000
__Ltext0                                        text0        000000
__Ltext1                                        text1        000000
__Ltext10                                       text10       000000
__Ltext11                                       text11       000000
__Ltext12                                       text12       000000
__Ltext13                                       text13       000000
__Ltext14                                       text14       000000
__Ltext15                                       text15       000000
__Ltext16                                       text16       000000
__Ltext17                                       text17       000000
__Ltext18                                       text18       000000
__Ltext19                                       text19       000000
__Ltext2                                        text2        000000
__Ltext20                                       text20       000000
__Ltext21                                       text21       000000
__Ltext22                                       text22       000000
__Ltext23                                       text23       000000
__Ltext24                                       text24       000000
__Ltext25                                       text25       000000
__Ltext26                                       text26       000000
__Ltext27                                       text27       000000
__Ltext28                                       text28       000000
__Ltext29                                       text29       000000
__Ltext3                                        text3        000000
__Ltext30                                       text30       000000
__Ltext31                                       text31       000000
__Ltext32                                       text32       000000
__Ltext33                                       text33       000000
__Ltext34                                       text34       000000
__Ltext35                                       text35       000000
__Ltext36                                       text36       000000
__Ltext37                                       text37       000000
__Ltext38                                       text38       000000
__Ltext39                                       text39       000000
__Ltext4                                        text4        000000
__Ltext40                                       text40       000000
__Ltext41                                       text41       000000
__Ltext42                                       text42       000000
__Ltext44                                       text44       000000
__Ltext45                                       text45       000000
__Ltext46                                       text46       000000
__Ltext47                                       text47       000000
__Ltext48                                       text48       000000
__Ltext49                                       text49       000000
__Ltext5                                        text5        000000
__Ltext50                                       text50       000000
__Ltext6                                        text6        000000
__Ltext7                                        text7        000000
__Ltext8                                        text8        000000
__Ltext9                                        text9        000000
__S0                                            (abs)        008000
__S1                                            (abs)        000150
__S4                                            (abs)        000000
__S5                                            (abs)        000000
___fladd                                        text22       000A68
___fladd@a                                      cstackCOMRAM 00000D
___fladd@aexp                                   cstackCOMRAM 000016
___fladd@b                                      cstackCOMRAM 000009
___fladd@bexp                                   cstackCOMRAM 000017
___fladd@grs                                    cstackCOMRAM 000018
___fladd@signs                                  cstackCOMRAM 000015
___fldiv                                        text27       001352
___fldiv@a                                      cstackCOMRAM 000034
___fldiv@aexp                                   cstackCOMRAM 000048
___fldiv@b                                      cstackCOMRAM 000030
___fldiv@bexp                                   cstackCOMRAM 000047
___fldiv@grs                                    cstackCOMRAM 000043
___fldiv@new_exp                                cstackCOMRAM 000041
___fldiv@rem                                    cstackCOMRAM 00003C
___fldiv@sign                                   cstackCOMRAM 000040
___fleq                                         text26       002498
___fleq@ff1                                     cstackCOMRAM 000009
___fleq@ff2                                     cstackCOMRAM 00000D
___flge                                         text25       00202C
___flge@ff1                                     cstackCOMRAM 000030
___flge@ff2                                     cstackCOMRAM 000034
___flmul                                        text24       000F28
___flmul@a                                      cstackCOMRAM 00001B
___flmul@aexp                                   cstackCOMRAM 000028
___flmul@b                                      cstackCOMRAM 000017
___flmul@bexp                                   cstackCOMRAM 000029
___flmul@grs                                    cstackCOMRAM 000024
___flmul@prod                                   cstackCOMRAM 00002A
___flmul@sign                                   cstackCOMRAM 000023
___flmul@temp                                   cstackCOMRAM 00002E
___flneg                                        text23       00291E
___flneg@f1                                     cstackCOMRAM 000009
___flsub                                        text21       0027A8
___flsub@a                                      cstackCOMRAM 000034
___flsub@b                                      cstackCOMRAM 000030
___fltol                                        text20       001F26
___fltol@exp1                                   cstackCOMRAM 000012
___fltol@f1                                     cstackCOMRAM 000009
___fltol@sign1                                  cstackCOMRAM 000011
___fpclassifyf                                  text19       002130
___fpclassifyf@F465                             bssBANK0     0000C9
___fpclassifyf@e                                cstackCOMRAM 000011
___fpclassifyf@u                                cstackCOMRAM 000013
___fpclassifyf@x                                cstackCOMRAM 000009
___heap_hi                                      (abs)        000000
___heap_lo                                      (abs)        000000
___inthi_sp                                     stack        000000
___inthi_stack_hi                               stack        000000
___inthi_stack_lo                               stack        000000
___intlo_sp                                     stack        000000
___intlo_stack_hi                               stack        000000
___intlo_stack_lo                               stack        000000
___lwdiv                                        text6        0025E0
___lwdiv@counter                                cstackCOMRAM 00000F
___lwdiv@dividend                               cstackCOMRAM 000009
___lwdiv@divisor                                cstackCOMRAM 00000B
___lwdiv@quotient                               cstackCOMRAM 00000D
___lwmod                                        text5        002654
___lwmod@counter                                cstackCOMRAM 00000D
___lwmod@dividend                               cstackCOMRAM 000009
___lwmod@divisor                                cstackCOMRAM 00000B
___param_bank                                   (abs)        000000
___rparam_used                                  (abs)        000001
___sp                                           stack        000000
___stack_hi                                     stack        000000
___stack_lo                                     stack        000000
___wmul                                         text8        002A36
___wmul@multiplicand                            cstackCOMRAM 00000B
___wmul@multiplier                              cstackCOMRAM 000009
___wmul@product                                 cstackCOMRAM 00000D
___xxtofl                                       text30       001C0E
___xxtofl@arg                                   cstackCOMRAM 000013
___xxtofl@exp                                   cstackCOMRAM 000012
___xxtofl@sign                                  cstackCOMRAM 000011
___xxtofl@val                                   cstackCOMRAM 000009
__accesstop                                     (abs)        000060
__activetblptr                                  (abs)        000002
__end_of_EUSART1_Initialize                     text38       002870
__end_of_EUSART1_Read                           text42       002A0E
__end_of_EUSART1_SetErrorHandler                text41       002B5E
__end_of_EUSART1_SetFramingErrorHandler         text40       002B54
__end_of_EUSART1_SetOverrunErrorHandler         text39       002B4A
__end_of_EUSART1_Write                          text15       002AE0
__end_of_INTERRUPT_Initialize                   text37       002B62
__end_of_INTERRUPT_InterruptManager             intcode      00006C
__end_of_OSCILLATOR_Initialize                  text36       002B2C
__end_of_PIN_MANAGER_Initialize                 text35       0029E6
__end_of_SPI_ExchangeByte                       text29       002A96
__end_of_SPI_Initialize                         text34       002B1A
__end_of_SYSTEM_Initialize                      text31       002AB0
__end_of_TMR1_DefaultInterruptHandler           text45       002B64
__end_of_TMR1_ISR                               text44       0028AC
__end_of_TMR1_Initialize                        text32       00298E
__end_of_TMR1_SetInterruptHandler               text33       002B40
__end_of_TMR1_WriteTimer                        text49       002A36
__end_of___fladd                                text22       000F28
__end_of___fldiv                                text27       0016EC
__end_of___fleq                                 text26       002542
__end_of___flge                                 text25       002130
__end_of___flmul                                text24       001352
__end_of___flneg                                text23       002956
__end_of___flsub                                text21       0027EE
__end_of___fltol                                text20       00202C
__end_of___fpclassifyf                          text19       00222E
__end_of___lwdiv                                text6        002654
__end_of___lwmod                                text5        0026B8
__end_of___wmul                                 text8        002A5C
__end_of___xxtofl                               text30       001DC2
__end_of__initialization                        cinit        0029B0
__end_of_car                                    mediumconst  007F61
__end_of_efgtoa                                 text9        000A68
__end_of_floorf                                 text18       001C0E
__end_of_fputc                                  text13       0023EA
__end_of_fputs                                  text12       002832
__end_of_labs                                   text17       00270E
__end_of_main                                   text0        001F26
__end_of_memcpy                                 text16       00275E
__end_of_myTimer1_ISR                           text46       0028E6
__end_of_out_dig                                text28       002AF4
__end_of_pad                                    text11       0025E0
__end_of_printf                                 text1        002A7C
__end_of_putch                                  text14       002B36
__end_of_read_prec_or_width                     text7        002498
__end_of_sin                                    mediumconst  007F9D
__end_of_spi_configuration                      mediumconst  007FA1
__end_of_strcpy                                 text10       00291E
__end_of_tri                                    mediumconst  007F25
__end_of_utoa                                   text4        002320
__end_of_vfpfcnvrt                              text3        0019F8
__end_of_vfprintf                               text2        0027A8
__end_ofi2_SPI_ExchangeByte                     text48       002ACA
__end_ofi2_out_dig                              text47       002B08
__initialization                                cinit        00298E
__mediumconst                                   mediumconst  007EE8
__pbssBANK0                                     bssBANK0     0000C5
__pbssBANK1                                     bssBANK1     000100
__pbssCOMRAM                                    bssCOMRAM    000050
__pcinit                                        cinit        00298E
__pcstackBANK0                                  cstackBANK0  000060
__pcstackCOMRAM                                 cstackCOMRAM 000001
__pintcode                                      intcode      000008
__pmediumconst                                  mediumconst  007EE8
__pnvBANK0                                      nvBANK0      0000D1
__pnvCOMRAM                                     nvCOMRAM     000055
__ptext0                                        text0        001DC2
__ptext1                                        text1        002A5C
__ptext10                                       text10       0028E6
__ptext11                                       text11       002542
__ptext12                                       text12       0027EE
__ptext13                                       text13       002320
__ptext14                                       text14       002B2C
__ptext15                                       text15       002ACA
__ptext16                                       text16       00270E
__ptext17                                       text17       0026B8
__ptext18                                       text18       0019F8
__ptext19                                       text19       002130
__ptext2                                        text2        00275E
__ptext20                                       text20       001F26
__ptext21                                       text21       0027A8
__ptext22                                       text22       000A68
__ptext23                                       text23       00291E
__ptext24                                       text24       000F28
__ptext25                                       text25       00202C
__ptext26                                       text26       002498
__ptext27                                       text27       001352
__ptext28                                       text28       002AE0
__ptext29                                       text29       002A7C
__ptext3                                        text3        0016EC
__ptext30                                       text30       001C0E
__ptext31                                       text31       002A96
__ptext32                                       text32       002956
__ptext33                                       text33       002B36
__ptext34                                       text34       002B08
__ptext35                                       text35       0029BE
__ptext36                                       text36       002B1A
__ptext37                                       text37       002B5E
__ptext38                                       text38       002832
__ptext39                                       text39       002B40
__ptext4                                        text4        00222E
__ptext40                                       text40       002B4A
__ptext41                                       text41       002B54
__ptext42                                       text42       0029E6
__ptext44                                       text44       002870
__ptext45                                       text45       002B62
__ptext46                                       text46       0028AC
__ptext47                                       text47       002AF4
__ptext48                                       text48       002AB0
__ptext49                                       text49       002A0E
__ptext5                                        text5        002654
__ptext50                                       text50       000000
__ptext6                                        text6        0025E0
__ptext7                                        text7        0023EA
__ptext8                                        text8        002A36
__ptext9                                        text9        000070
__ramtop                                        ramtop       000F00
__smallconst                                    smallconst   000000
_car                                            mediumconst  007F25
_dbuf                                           bssBANK1     000100
_efgtoa                                         text9        000070
_efgtoa$1654                                    cstackBANK0  00007D
_eusart1RxLastError                             bssCOMRAM    000053
_flags                                          bssCOMRAM    000052
_floorf                                         text18       0019F8
_fputc                                          text13       002320
_fputs                                          text12       0027EE
_labs                                           text17       0026B8
_main                                           text0        001DC2
_memcpy                                         text16       00270E
_myTimer1_ISR                                   text46       0028AC
_out_dig                                        text28       002AE0
_pad                                            text11       002542
_prec                                           bssBANK0     0000CF
_printf                                         text1        002A5C
_putch                                          text14       002B2C
_read_prec_or_width                             text7        0023EA
_sin                                            mediumconst  007F61
_spi_configuration                              mediumconst  007F9D
_strcpy                                         text10       0028E6
_timer1ReloadVal                                bssCOMRAM    000050
_tri                                            mediumconst  007EE9
_utoa                                           text4        00222E
_vfpfcnvrt                                      text3        0016EC
_vfprintf                                       text2        00275E
_width                                          bssBANK0     0000CD
btemp                                           temp         000057
efgtoa@c                                        cstackBANK0  000076
efgtoa@d                                        cstackBANK0  000082
efgtoa@e                                        cstackBANK0  000086
efgtoa@f                                        cstackBANK0  000072
efgtoa@fp                                       cstackBANK0  000070
efgtoa@g                                        cstackBANK0  000099
efgtoa@h                                        cstackBANK0  000090
efgtoa@i                                        cstackBANK0  00008E
efgtoa@l                                        cstackBANK0  000094
efgtoa@m                                        cstackBANK0  000084
efgtoa@mode                                     cstackBANK0  000080
efgtoa@n                                        cstackBANK0  00009D
efgtoa@ne                                       cstackBANK0  000077
efgtoa@nmode                                    cstackBANK0  000081
efgtoa@ou                                       cstackBANK0  00008A
efgtoa@p                                        cstackBANK0  000079
efgtoa@pp                                       cstackBANK0  00007F
efgtoa@sign                                     cstackBANK0  000098
efgtoa@t                                        cstackBANK0  00007B
efgtoa@u                                        cstackBANK0  00009F
efgtoa@w                                        cstackBANK0  000088
end_of_initialization                           cinit        0029B0
floorf@F521                                     bssBANK0     0000C5
floorf@e                                        cstackBANK0  00006A
floorf@m                                        cstackBANK0  000066
floorf@u                                        cstackBANK0  00006C
floorf@x                                        cstackCOMRAM 000049
fputc@c                                         cstackCOMRAM 00000B
fputc@fp                                        cstackCOMRAM 00000D
fputs@c                                         cstackCOMRAM 000018
fputs@fp                                        cstackCOMRAM 000016
fputs@i                                         cstackCOMRAM 000019
fputs@s                                         cstackCOMRAM 000014
i2SPI_ExchangeByte@data                         cstackCOMRAM 000001
i2_SPI_ExchangeByte                             text48       002AB0
i2_out_dig                                      text47       002AF4
i2out_dig@x                                     cstackCOMRAM 000002
int$flags                                       temp         000057
intlevel0                                       text         000000
intlevel1                                       text         000000
intlevel2                                       text         000000
intlevel3                                       text         000000
isa$std                                         (abs)        000001
isa$xinst                                       (abs)        000000
labs@a                                          cstackCOMRAM 000009
main@lecture                                    cstackBANK0  0000C4
main@tension                                    cstackBANK0  0000BF
main@valeur                                     cstackBANK0  0000C3
memcpy@d                                        cstackCOMRAM 000010
memcpy@d1                                       cstackCOMRAM 000009
memcpy@n                                        cstackCOMRAM 00000D
memcpy@s                                        cstackCOMRAM 000012
memcpy@s1                                       cstackCOMRAM 00000B
memcpy@tmp                                      cstackCOMRAM 00000F
myTimer1_ISR@i                                  bssCOMRAM    000054
out_dig@x                                       cstackCOMRAM 00000A
pad@buf                                         cstackCOMRAM 00001D
pad@fp                                          cstackCOMRAM 00001B
pad@i                                           cstackCOMRAM 000022
pad@p                                           cstackCOMRAM 00001F
printf@ap                                       cstackCOMRAM 00004F
printf@fmt                                      cstackBANK0  0000B7
putch@txData                                    cstackCOMRAM 00000A
read_prec_or_width@ap                           cstackCOMRAM 000010
read_prec_or_width@c                            cstackCOMRAM 000011
read_prec_or_width@fmt                          cstackCOMRAM 00000F
read_prec_or_width@n                            cstackCOMRAM 000012
stackhi                                         (abs)        000000
stacklo                                         (abs)        000000
start                                           init         00006C
start_initialization                            cinit        00298E
strcpy@d                                        cstackCOMRAM 00000D
strcpy@dest                                     cstackCOMRAM 000009
strcpy@src                                      cstackCOMRAM 00000B
ttemp5                                          temp         000058
ttemp6                                          temp         00005B
ttemp7                                          temp         00005F
utoa@d                                          cstackCOMRAM 000026
utoa@fp                                         cstackCOMRAM 000024
utoa@i                                          cstackCOMRAM 00002C
utoa@p                                          cstackCOMRAM 00002A
utoa@w                                          cstackCOMRAM 000028
vfpfcnvrt@ap                                    cstackBANK0  0000A6
vfpfcnvrt@c                                     cstackBANK0  0000AD
vfpfcnvrt@convarg                               cstackBANK0  0000A9
vfpfcnvrt@cp                                    cstackBANK0  0000AE
vfpfcnvrt@fmt                                   cstackBANK0  0000A5
vfpfcnvrt@fp                                    cstackBANK0  0000A3
vfprintf@ap                                     cstackBANK0  0000B4
vfprintf@cfmt                                   cstackBANK0  0000B5
vfprintf@fmt                                    cstackBANK0  0000B2
vfprintf@fp                                     cstackBANK0  0000B0
wtemp8                                          temp         000058


MODULE INFORMATION

Module		Function		Class		Link	Load	Size
C:\Program Files\Microchip\xc8\v2.45\pic\sources\c99\common\Umul16.c
		___wmul        		CODE           	2A36	0000	38

C:\Program Files\Microchip\xc8\v2.45\pic\sources\c99\common\Umul16.c estimated size: 38

C:\Program Files\Microchip\xc8\v2.45\pic\sources\c99\common\fleq.c
		___fleq        		CODE           	2498	0000	170

C:\Program Files\Microchip\xc8\v2.45\pic\sources\c99\common\fleq.c estimated size: 170

C:\Program Files\Microchip\xc8\v2.45\pic\sources\c99\common\memcpy.c
		_memcpy        		CODE           	270E	0000	80

C:\Program Files\Microchip\xc8\v2.45\pic\sources\c99\common\memcpy.c estimated size: 80

mcc_generated_files/interrupt_manager.c
		_INTERRUPT_Initialize		CODE           	2B5E	0000	4
		_INTERRUPT_InterruptManager		CODE           	0008	0000	100

mcc_generated_files/interrupt_manager.c estimated size: 104

C:\Program Files\Microchip\xc8\v2.45\pic\sources\c99\common\flneg.c
		___flneg       		CODE           	291E	0000	56

C:\Program Files\Microchip\xc8\v2.45\pic\sources\c99\common\flneg.c estimated size: 56

mcc_generated_files/pin_manager.c
		_PIN_MANAGER_Initialize		CODE           	29BE	0000	40

mcc_generated_files/pin_manager.c estimated size: 40

C:\Program Files\Microchip\xc8\v2.45\pic\sources\c99\common\printf.c
		_printf        		CODE           	2A5C	0000	32

C:\Program Files\Microchip\xc8\v2.45\pic\sources\c99\common\printf.c estimated size: 32

C:\Program Files\Microchip\xc8\v2.45\pic\sources\c99\common\sprcmul.c
		___flmul       		CODE           	0F28	0000	1066

C:\Program Files\Microchip\xc8\v2.45\pic\sources\c99\common\sprcmul.c estimated size: 1066

C:\Program Files\Microchip\xc8\v2.45\pic\sources\c99\common\labs.c
		_labs          		CODE           	26B8	0000	86

C:\Program Files\Microchip\xc8\v2.45\pic\sources\c99\common\labs.c estimated size: 86

C:\Program Files\Microchip\xc8\v2.45\pic\sources\c99\common\nf_fputs.c
		_fputs         		CODE           	27EE	0000	68

C:\Program Files\Microchip\xc8\v2.45\pic\sources\c99\common\nf_fputs.c estimated size: 68

C:\Program Files\Microchip\xc8\v2.45\pic\sources\c99\common\sprcdiv.c
		___fldiv       		CODE           	1352	0000	922

C:\Program Files\Microchip\xc8\v2.45\pic\sources\c99\common\sprcdiv.c estimated size: 922

C:\Program Files\Microchip\xc8\v2.45\pic\sources\c99\common\floorf.c
		_floorf        		CODE           	19F8	0000	534

C:\Program Files\Microchip\xc8\v2.45\pic\sources\c99\common\floorf.c estimated size: 534

mcc_generated_files/spi.c
		_SPI_ExchangeByte		CODE           	2A7C	0000	26
		_SPI_Initialize		CODE           	2B08	0000	18

mcc_generated_files/spi.c estimated size: 44

C:\Program Files\Microchip\xc8\v2.45\pic\sources\c99\common\lwmod.c
		___lwmod       		CODE           	2654	0000	100

C:\Program Files\Microchip\xc8\v2.45\pic\sources\c99\common\lwmod.c estimated size: 100

C:\Program Files\Microchip\xc8\v2.45\pic\sources\c99\common\flge.c
		___flge        		CODE           	202C	0000	260

C:\Program Files\Microchip\xc8\v2.45\pic\sources\c99\common\flge.c estimated size: 260

shared
		_car           		MEDIUMCONST    	7F25	0000	60
		_tri           		MEDIUMCONST    	7EE9	0000	60
		_sin           		MEDIUMCONST    	7F61	0000	60
		i2_SPI_ExchangeByte		CODE           	2AB0	0000	26
		__initialization		CODE           	298E	0000	34
		_spi_configuration		MEDIUMCONST    	7F9D	0000	4
		i2_out_dig     		CODE           	2AF4	0000	20

shared estimated size: 264

mcc_generated_files/eusart1.c
		_EUSART1_Initialize		CODE           	2832	0000	62
		_putch         		CODE           	2B2C	0000	10
		_EUSART1_SetFramingErrorHandler		CODE           	2B4A	0000	10
		_EUSART1_Read  		CODE           	29E6	0000	40
		_EUSART1_SetOverrunErrorHandler		CODE           	2B40	0000	10
		_EUSART1_SetErrorHandler		CODE           	2B54	0000	10
		_EUSART1_Write 		CODE           	2ACA	0000	22

mcc_generated_files/eusart1.c estimated size: 164

C:\Program Files\Microchip\xc8\v2.45\pic\sources\c99\common\xxtofl.c
		___xxtofl      		CODE           	1C0E	0000	436

C:\Program Files\Microchip\xc8\v2.45\pic\sources\c99\common\xxtofl.c estimated size: 436

mcc_generated_files/mcc.c
		_OSCILLATOR_Initialize		CODE           	2B1A	0000	18
		_SYSTEM_Initialize		CODE           	2A96	0000	26

mcc_generated_files/mcc.c estimated size: 44

C:\Program Files\Microchip\xc8\v2.45\pic\sources\c99\common\__fpclassifyf.c
		___fpclassifyf 		CODE           	2130	0000	254

C:\Program Files\Microchip\xc8\v2.45\pic\sources\c99\common\__fpclassifyf.c estimated size: 254

mcc_generated_files/tmr1.c
		_TMR1_Initialize		CODE           	2956	0000	56
		_TMR1_SetInterruptHandler		CODE           	2B36	0000	10
		_TMR1_DefaultInterruptHandler		CODE           	2B62	0000	2
		_TMR1_WriteTimer		CODE           	2A0E	0000	40
		_TMR1_ISR      		CODE           	2870	0000	60

mcc_generated_files/tmr1.c estimated size: 168

C:\Program Files\Microchip\xc8\v2.45\pic\sources\c99\common\strcpy.c
		_strcpy        		CODE           	28E6	0000	56

C:\Program Files\Microchip\xc8\v2.45\pic\sources\c99\common\strcpy.c estimated size: 56

C:\Program Files\Microchip\xc8\v2.45\pic\sources\c99\common\sprcadd.c
		___flsub       		CODE           	27A8	0000	70
		___fladd       		CODE           	0A68	0000	1216

C:\Program Files\Microchip\xc8\v2.45\pic\sources\c99\common\sprcadd.c estimated size: 1286

main.c
		_out_dig       		CODE           	2AE0	0000	20
		_main          		CODE           	1DC2	0000	356
		_myTimer1_ISR  		CODE           	28AC	0000	58

main.c estimated size: 434

C:\Program Files\Microchip\xc8\v2.45\pic\sources\c99\common\nf_fputc.c
		_fputc         		CODE           	2320	0000	202

C:\Program Files\Microchip\xc8\v2.45\pic\sources\c99\common\nf_fputc.c estimated size: 202

C:\Program Files\Microchip\xc8\v2.45\pic\sources\c99\common\doprnt.c
		_read_prec_or_width		CODE           	23EA	0000	174
		_vfpfcnvrt     		CODE           	16EC	0000	780
		_efgtoa        		CODE           	0070	0000	2552
		_pad           		CODE           	2542	0000	158
		_vfprintf      		CODE           	275E	0000	74
		_utoa          		CODE           	222E	0000	242

C:\Program Files\Microchip\xc8\v2.45\pic\sources\c99\common\doprnt.c estimated size: 3980

C:\Program Files\Microchip\xc8\v2.45\pic\sources\c99\common\lwdiv.c
		___lwdiv       		CODE           	25E0	0000	116

C:\Program Files\Microchip\xc8\v2.45\pic\sources\c99\common\lwdiv.c estimated size: 116

C:\Program Files\Microchip\xc8\v2.45\pic\sources\c99\common\fltol.c
		___fltol       		CODE           	1F26	0000	262

C:\Program Files\Microchip\xc8\v2.45\pic\sources\c99\common\fltol.c estimated size: 262

