Microchip MPLAB XC8 Compiler V2.45

Linker command line:

-W-3 \
  --edf=C:\Program Files\Microchip\xc8\v2.45\pic\dat\20230818022343_en.msgs \
  -cn -h+dist/default/production\TP3.X.production.sym \
  --cmf=dist/default/production\TP3.X.production.cmf -z -Q18F25K80 \
  -oC:\Users\e1779425\AppData\Local\Temp\xcAsh3o.\driver_tmp_3.o \
  --defsym=__MPLAB_BUILD=1 --fixupoverflow=error \
  -Mdist/default/production/TP3.X.production.map \
  --md=C:\Users\e1779425\AppData\Local\Temp\xcAsh3o.\driver_tmp_0.dat -E1 \
  -ver=XC8 Compiler --acfsm=1493 -ACODE=00h-07FFFh -ACONST=00h-07FFFh \
  -ASMALLCONST=0F00h-0FFFhx113 -AMEDIUMCONST=0F00h-07FFFh -ACOMRAM=01h-05Fh \
  -AABS1=00h-0E40h -ABIGRAM=01h-0E40h \
  -ARAM=060h-0FFh,0100h-01FFhx13,0E00h-0E40h -ABANK0=060h-0FFh \
  -ABANK1=0100h-01FFh -ABANK2=0200h-02FFh -ABANK3=0300h-03FFh \
  -ABANK4=0400h-04FFh -ABANK5=0500h-05FFh -ABANK6=0600h-06FFh \
  -ABANK7=0700h-07FFh -ABANK8=0800h-08FFh -ABANK9=0900h-09FFh \
  -ABANK10=0A00h-0AFFh -ABANK11=0B00h-0BFFh -ABANK12=0C00h-0CFFh \
  -ABANK13=0D00h-0DFFh -ABANK14=0E00h-0E40h \
  -ASFR=0E41h-0EFFh,0F00h-0F5Fh,0F60h-0FFFh -ABIGSFR=0E41h-0FFFh \
  -ACONFIG=0300000h-030000Dh -AIDLOC=0200000h-0200007h \
  -AEEDATA=0F00000h-0F003FFh -peeprom_data=EEDATA \
  -preset_vec=00h,intcode=08h,intcodelo,powerup,init -pramtop=0F00h \
  -psmallconst=SMALLCONST -pmediumconst=MEDIUMCONST -pconst=CONST \
  -AFARRAM=00h-00h \
  -prdata=COMRAM,nvrram=COMRAM,nvbit=COMRAM,rbss=COMRAM,rbit=COMRAM \
  -pfarbss=FARRAM,fardata=FARRAM,nvFARRAM=FARRAM \
  -pintsave_regs=BIGRAM,bigbss=BIGRAM,bigdata=BIGRAM -pbss=RAM \
  -pidata=CODE,irdata=CODE,ibigdata=CODE,ifardata=CODE -prparam=COMRAM \
  C:\Users\e1779425\AppData\Local\Temp\xcAsh3o.\driver_tmp_14.o \
  dist/default/production\TP3.X.production.o 

Object code version is 3.11

Machine type is 18F25K80



                Name                               Link     Load   Length Selector   Space Scale
C:\Users\e1779425\AppData\Local\Temp\xcAsh3o.\driver_tmp_14.o
                idloc                            200000   200000        8        0       5
                config                           300000   300000        E        0       4
                init                                 4C       4C        4        4       0
                reset_vec                             0        0        4        0       0
dist/default/production\TP3.X.production.o
                intcode                               8        8       44        4       0
                idloc                            200000   200000        8        0       5
                config                           300000   300000        E        0       4
                temp                                 57       57        1        1       1
                mediumconst                        7EFE     7EFE      102     3F7F       0
                text26                              556      556       28        4       0
                text25                              4DC      4DC       2A        4       0
                text24                              66A      66A        2        4       0
                text23                              436      436       3C        4       0
                text21                              52E      52E       28        4       0
                text20                              5FA      5FA       14        4       0
                text19                              65A      65A        A        4       0
                text18                              650      650        A        4       0
                text17                              646      646        A        4       0
                text16                              3F8      3F8       3E        4       0
                text15                              664      664        4        4       0
                text14                              620      620       12        4       0
                text13                              506      506       28        4       0
                text12                              60E      60E       12        4       0
                text11                              63C      63C        A        4       0
                text10                              472      472       38        4       0
                text9                               5B6      5B6       1A        4       0
                text8                               59C      59C       1A        4       0
                text7                               5E6      5E6       14        4       0
                text6                               5D0      5D0       16        4       0
                text5                               632      632        A        4       0
                text4                               272      272       CA        4       0
                text3                               33C      33C       76        4       0
                text2                               3B2      3B2       46        4       0
                text1                               57E      57E       1E        4       0
                text0                                50       50      222        4       0
                cstackCOMRAM                         2B       2B       22        1       1
                dataCOMRAM                           55       55        2        1       1
                bssCOMRAM                             1        1       2A        1       1
                cinit                               4AA      4AA       32        4       0
                nvCOMRAM                             4D       4D        8        1       1
                idataCOMRAM                         668      668        2        4       0

TOTAL           Name                               Link     Load   Length     Space
        CLASS   CODE           
                intcode                               8        8       44         0
                init                                 4C       4C        4         0
                reset_vec                             0        0        4         0
                text26                              556      556       28         0
                text25                              4DC      4DC       2A         0
                text24                              66A      66A        2         0
                text23                              436      436       3C         0
                text21                              52E      52E       28         0
                text20                              5FA      5FA       14         0
                text19                              65A      65A        A         0
                text18                              650      650        A         0
                text17                              646      646        A         0
                text16                              3F8      3F8       3E         0
                text15                              664      664        4         0
                text14                              620      620       12         0
                text13                              506      506       28         0
                text12                              60E      60E       12         0
                text11                              63C      63C        A         0
                text10                              472      472       38         0
                text9                               5B6      5B6       1A         0
                text8                               59C      59C       1A         0
                text7                               5E6      5E6       14         0
                text6                               5D0      5D0       16         0
                text5                               632      632        A         0
                text4                               272      272       CA         0
                text3                               33C      33C       76         0
                text2                               3B2      3B2       46         0
                text1                               57E      57E       1E         0
                text0                                50       50      222         0
                cinit                               4AA      4AA       32         0
                idataCOMRAM                         668      668        2         0

        CLASS   CONST          

        CLASS   SMALLCONST     

        CLASS   MEDIUMCONST    
                mediumconst                        7EFE     7EFE      102         0

        CLASS   COMRAM         
                temp                                 57       57        1         1
                cstackCOMRAM                         2B       2B       22         1
                dataCOMRAM                           55       55        2         1
                bssCOMRAM                             1        1       2A         1
                nvCOMRAM                             4D       4D        8         1

        CLASS   ABS1           

        CLASS   BIGRAM         

        CLASS   RAM            

        CLASS   BANK0          

        CLASS   BANK1          

        CLASS   BANK2          

        CLASS   BANK3          

        CLASS   BANK4          

        CLASS   BANK5          

        CLASS   BANK6          

        CLASS   BANK7          

        CLASS   BANK8          

        CLASS   BANK9          

        CLASS   BANK10         

        CLASS   BANK11         

        CLASS   BANK12         

        CLASS   BANK13         

        CLASS   BANK14         

        CLASS   SFR            

        CLASS   BIGSFR         

        CLASS   CONFIG         
                config                           300000   300000        E         4

        CLASS   IDLOC          
                idloc                            200000   200000        8         5

        CLASS   EEDATA         

        CLASS   FARRAM         

        CLASS   HEAP           

        CLASS   STACK          



SEGMENTS        Name                           Load    Length   Top    Selector   Space  Class

                reset_vec                      000000  000004  000004         0       0  CODE    
                bssCOMRAM                      000001  000057  000058         1       1  COMRAM  
                intcode                        000008  000664  00066C         4       0  CODE    
                mediumconst                    007EFE  000102  008000      3F7F       0  MEDIUMCO


UNUSED ADDRESS RANGES

        Name                Unused          Largest block    Delta
        BANK0            000060-0000FF               A0
        BANK1            000100-0001FF              100
        BANK10           000A00-000AFF              100
        BANK11           000B00-000BFF              100
        BANK12           000C00-000CFF              100
        BANK13           000D00-000DFF              100
        BANK14           000E00-000E40               41
        BANK2            000200-0002FF              100
        BANK3            000300-0003FF              100
        BANK4            000400-0004FF              100
        BANK5            000500-0005FF              100
        BANK6            000600-0006FF              100
        BANK7            000700-0007FF              100
        BANK8            000800-0008FF              100
        BANK9            000900-0009FF              100
        BIGRAM           000058-000E40              DE9
        BIGSFR           000E41-000FFF              1BF
        CODE             000004-000007                4
                         00066C-007EFD             7892
        COMRAM           000058-00005F                8
        CONST            000004-000007                4
                         00066C-007EFD             7892
        EEDATA           F00000-F003FF              400
        MEDIUMCONST      000F00-007EFD             6FFE
        RAM              000060-000E40              100
        SFR              000E41-000FFF               BF
        SMALLCONST       000F00-007EFD              100

                                  Symbol Table

?_printf                                        cstackCOMRAM 000045
?_vfprintf                                      cstackCOMRAM 00003E
EUSART1_SetErrorHandler@interruptHandler        cstackCOMRAM 00002F
EUSART1_SetFramingErrorHandler@interruptHandler cstackCOMRAM 00002F
EUSART1_SetOverrunErrorHandler@interruptHandler cstackCOMRAM 00002F
EUSART1_Write@txData                            cstackCOMRAM 00002F
SPI_ExchangeByte@data                           cstackCOMRAM 00002F
TMR1_SetInterruptHandler@InterruptHandler       cstackCOMRAM 00002F
TMR1_WriteTimer@timerVal                        cstackCOMRAM 00002B
_ANCON0                                         (abs)        000F5D
_ANCON1                                         (abs)        000F5C
_BAUDCON1                                       (abs)        000FA7
_EUSART1_DefaultErrorHandler                    (abs)        000000
_EUSART1_DefaultFramingErrorHandler             (abs)        000000
_EUSART1_DefaultOverrunErrorHandler             (abs)        000000
_EUSART1_ErrorHandler                           nvCOMRAM     00004F
_EUSART1_FramingErrorHandler                    nvCOMRAM     000053
_EUSART1_Initialize                             text16       0003F8
_EUSART1_OverrunErrorHandler                    nvCOMRAM     000051
_EUSART1_Read                                   text21       00052E
_EUSART1_SetErrorHandler                        text19       00065A
_EUSART1_SetFramingErrorHandler                 text18       000650
_EUSART1_SetOverrunErrorHandler                 text17       000646
_EUSART1_Write                                  text6        0005D0
_EUSART1_is_rx_ready                            text20       0005FA
_INTCON2bits                                    (abs)        000FF1
_INTCONbits                                     (abs)        000FF2
_INTERRUPT_Initialize                           text15       000664
_INTERRUPT_InterruptManager                     intcode      000008
_LATA                                           (abs)        000F89
_LATAbits                                       (abs)        000F89
_LATB                                           (abs)        000F8A
_LATC                                           (abs)        000F8B
_OSCCON                                         (abs)        000FD3
_OSCCON2                                        (abs)        000FD2
_OSCILLATOR_Initialize                          text14       000620
_OSCTUNE                                        (abs)        000F9B
_PIE1bits                                       (abs)        000F9D
_PIN_MANAGER_Initialize                         text13       000506
_PIR1bits                                       (abs)        000F9E
_RCONbits                                       (abs)        000FD0
_RCREG1                                         (abs)        000FAE
_RCSTA1                                         (abs)        000FAB
_RCSTA1bits                                     (abs)        000FAB
_REFOCON                                        (abs)        000F9A
_SPBRG1                                         (abs)        000FAF
_SPBRGH1                                        (abs)        000F7D
_SPI_ExchangeByte                               text8        00059C
_SPI_Initialize                                 text12       00060E
_SSPADD                                         (abs)        000FC8
_SSPBUF                                         (abs)        000FC9
_SSPCON1                                        (abs)        000FC6
_SSPCON1bits                                    (abs)        000FC6
_SSPCON2                                        (abs)        000FC5
_SSPSTAT                                        (abs)        000FC7
_SYSTEM_Initialize                              text9        0005B6
_T1CON                                          (abs)        000FCD
_T1CONbits                                      (abs)        000FCD
_T1GCON                                         (abs)        000FAA
_T1GCONbits                                     (abs)        000FAA
_TMR1H                                          (abs)        000FCF
_TMR1L                                          (abs)        000FCE
_TMR1_DefaultInterruptHandler                   text24       00066A
_TMR1_ISR                                       text23       000436
_TMR1_Initialize                                text10       000472
_TMR1_InterruptHandler                          nvCOMRAM     00004D
_TMR1_SetInterruptHandler                       text11       00063C
_TMR1_WriteTimer                                text26       000556
_TRISA                                          (abs)        000F92
_TRISB                                          (abs)        000F93
_TRISC                                          (abs)        000F94
_TRISCbits                                      (abs)        000F94
_TXREG1                                         (abs)        000FAD
_TXSTA1                                         (abs)        000FAC
_TXSTA1bits                                     (abs)        000FAC
_WPUB                                           (abs)        000F5B
__HRAM                                          (abs)        000000
__H__absolute__                                 __absolute__ 000000
__Habs1                                         abs1         000000
__Hbank0                                        bank0        000000
__Hbank1                                        bank1        000000
__Hbank10                                       bank10       000000
__Hbank11                                       bank11       000000
__Hbank12                                       bank12       000000
__Hbank13                                       bank13       000000
__Hbank14                                       bank14       000000
__Hbank2                                        bank2        000000
__Hbank3                                        bank3        000000
__Hbank4                                        bank4        000000
__Hbank5                                        bank5        000000
__Hbank6                                        bank6        000000
__Hbank7                                        bank7        000000
__Hbank8                                        bank8        000000
__Hbank9                                        bank9        000000
__Hbigbss                                       bigbss       000000
__Hbigdata                                      bigdata      000000
__Hbigram                                       bigram       000000
__Hbigsfr                                       bigsfr       000000
__Hbss                                          bss          000000
__HbssCOMRAM                                    bssCOMRAM    000000
__Hcinit                                        cinit        000000
__Hclrtext                                      clrtext      000000
__Hcomram                                       comram       000000
__Hconfig                                       config       30000E
__Hconst                                        const        000000
__HcstackCOMRAM                                 cstackCOMRAM 000000
__Hdata                                         data         000000
__HdataCOMRAM                                   dataCOMRAM   000000
__Heeprom_data                                  eeprom_data  000000
__Hfarbss                                       farbss       000000
__Hfardata                                      fardata      000000
__Hheap                                         heap         000000
__Hibigdata                                     ibigdata     000000
__Hidata                                        idata        000000
__HidataCOMRAM                                  idataCOMRAM  000000
__Hidloc                                        idloc        200008
__Hifardata                                     ifardata     000000
__Hinit                                         init         000050
__Hintcode                                      intcode      00004C
__Hintcode_body                                 intcode_body 000000
__Hintcodelo                                    intcodelo    00004C
__Hintentry                                     intentry     000000
__Hintret                                       intret       000000
__Hintsave_regs                                 intsave_regs 000000
__Hirdata                                       irdata       000000
__Hmediumconst                                  mediumconst  008000
__HnvCOMRAM                                     nvCOMRAM     000000
__HnvFARRAM                                     nvFARRAM     000000
__Hnvbit                                        nvbit        000000
__Hnvrram                                       nvrram       000000
__Hparam                                        rparam       000000
__Hpowerup                                      powerup      00004C
__Hram                                          ram          000000
__Hramtop                                       ramtop       000F00
__Hrbit                                         rbit         000000
__Hrbss                                         rbss         000000
__Hrdata                                        rdata        000000
__Hreset_vec                                    reset_vec    000004
__Hrparam                                       rparam       000000
__Hsfr                                          sfr          000000
__Hsmallconst                                   smallconst   000000
__Hspace_0                                      (abs)        008000
__Hspace_1                                      (abs)        000058
__Hspace_2                                      (abs)        000000
__Hspace_4                                      (abs)        60000E
__Hstack                                        stack        000000
__Hstruct                                       struct       000000
__Htemp                                         temp         000058
__Htext                                         text         000000
__Htext0                                        text0        000000
__Htext1                                        text1        000000
__Htext10                                       text10       000000
__Htext11                                       text11       000000
__Htext12                                       text12       000000
__Htext13                                       text13       000000
__Htext14                                       text14       000000
__Htext15                                       text15       000000
__Htext16                                       text16       000000
__Htext17                                       text17       000000
__Htext18                                       text18       000000
__Htext19                                       text19       000000
__Htext2                                        text2        000000
__Htext20                                       text20       000000
__Htext21                                       text21       000000
__Htext23                                       text23       000000
__Htext24                                       text24       000000
__Htext25                                       text25       000000
__Htext26                                       text26       000000
__Htext27                                       text27       000000
__Htext3                                        text3        000000
__Htext4                                        text4        000000
__Htext5                                        text5        000000
__Htext6                                        text6        000000
__Htext7                                        text7        000000
__Htext8                                        text8        000000
__Htext9                                        text9        000000
__LRAM                                          (abs)        000001
__L__absolute__                                 __absolute__ 000000
__Labs1                                         abs1         000000
__Lbank0                                        bank0        000000
__Lbank1                                        bank1        000000
__Lbank10                                       bank10       000000
__Lbank11                                       bank11       000000
__Lbank12                                       bank12       000000
__Lbank13                                       bank13       000000
__Lbank14                                       bank14       000000
__Lbank2                                        bank2        000000
__Lbank3                                        bank3        000000
__Lbank4                                        bank4        000000
__Lbank5                                        bank5        000000
__Lbank6                                        bank6        000000
__Lbank7                                        bank7        000000
__Lbank8                                        bank8        000000
__Lbank9                                        bank9        000000
__Lbigbss                                       bigbss       000000
__Lbigdata                                      bigdata      000000
__Lbigram                                       bigram       000000
__Lbigsfr                                       bigsfr       000000
__Lbss                                          bss          000000
__LbssCOMRAM                                    bssCOMRAM    000000
__Lcinit                                        cinit        000000
__Lclrtext                                      clrtext      000000
__Lcomram                                       comram       000000
__Lconfig                                       config       000000
__Lconst                                        const        000000
__LcstackCOMRAM                                 cstackCOMRAM 000000
__Ldata                                         data         000000
__LdataCOMRAM                                   dataCOMRAM   000000
__Leeprom_data                                  eeprom_data  000000
__Lfarbss                                       farbss       000000
__Lfardata                                      fardata      000000
__Lheap                                         heap         000000
__Libigdata                                     ibigdata     000000
__Lidata                                        idata        000000
__LidataCOMRAM                                  idataCOMRAM  000000
__Lidloc                                        idloc        000000
__Lifardata                                     ifardata     000000
__Linit                                         init         00004C
__Lintcode                                      intcode      000008
__Lintcode_body                                 intcode_body 000000
__Lintcodelo                                    intcodelo    00004C
__Lintentry                                     intentry     000000
__Lintret                                       intret       000000
__Lintsave_regs                                 intsave_regs 000000
__Lirdata                                       irdata       000000
__Lmediumconst                                  mediumconst  007EFE
__LnvCOMRAM                                     nvCOMRAM     000000
__LnvFARRAM                                     nvFARRAM     000000
__Lnvbit                                        nvbit        000000
__Lnvrram                                       nvrram       000000
__Lparam                                        rparam       000000
__Lpowerup                                      powerup      00004C
__Lram                                          ram          000000
__Lramtop                                       ramtop       000F00
__Lrbit                                         rbit         000000
__Lrbss                                         rbss         000000
__Lrdata                                        rdata        000000
__Lreset_vec                                    reset_vec    000000
__Lrparam                                       rparam       000000
__Lsfr                                          sfr          000000
__Lsmallconst                                   smallconst   000000
__Lspace_0                                      (abs)        000000
__Lspace_1                                      (abs)        000000
__Lspace_2                                      (abs)        000000
__Lspace_4                                      (abs)        000000
__Lstack                                        stack        000000
__Lstruct                                       struct       000000
__Ltemp                                         temp         000057
__Ltext                                         text         000000
__Ltext0                                        text0        000000
__Ltext1                                        text1        000000
__Ltext10                                       text10       000000
__Ltext11                                       text11       000000
__Ltext12                                       text12       000000
__Ltext13                                       text13       000000
__Ltext14                                       text14       000000
__Ltext15                                       text15       000000
__Ltext16                                       text16       000000
__Ltext17                                       text17       000000
__Ltext18                                       text18       000000
__Ltext19                                       text19       000000
__Ltext2                                        text2        000000
__Ltext20                                       text20       000000
__Ltext21                                       text21       000000
__Ltext23                                       text23       000000
__Ltext24                                       text24       000000
__Ltext25                                       text25       000000
__Ltext26                                       text26       000000
__Ltext27                                       text27       000000
__Ltext3                                        text3        000000
__Ltext4                                        text4        000000
__Ltext5                                        text5        000000
__Ltext6                                        text6        000000
__Ltext7                                        text7        000000
__Ltext8                                        text8        000000
__Ltext9                                        text9        000000
__S0                                            (abs)        008000
__S1                                            (abs)        000058
__S4                                            (abs)        000000
__S5                                            (abs)        000000
___heap_hi                                      (abs)        000000
___heap_lo                                      (abs)        000000
___inthi_sp                                     stack        000000
___inthi_stack_hi                               stack        000000
___inthi_stack_lo                               stack        000000
___intlo_sp                                     stack        000000
___intlo_stack_hi                               stack        000000
___intlo_stack_lo                               stack        000000
___param_bank                                   (abs)        000000
___rparam_used                                  (abs)        000001
___sp                                           stack        000000
___stack_hi                                     stack        000000
___stack_lo                                     stack        000000
__accesstop                                     (abs)        000060
__activetblptr                                  (abs)        000002
__end_of_EUSART1_Initialize                     text16       000436
__end_of_EUSART1_Read                           text21       000556
__end_of_EUSART1_SetErrorHandler                text19       000664
__end_of_EUSART1_SetFramingErrorHandler         text18       00065A
__end_of_EUSART1_SetOverrunErrorHandler         text17       000650
__end_of_EUSART1_Write                          text6        0005E6
__end_of_EUSART1_is_rx_ready                    text20       00060E
__end_of_INTERRUPT_Initialize                   text15       000668
__end_of_INTERRUPT_InterruptManager             intcode      00004C
__end_of_OSCILLATOR_Initialize                  text14       000632
__end_of_PIN_MANAGER_Initialize                 text13       00052E
__end_of_SPI_ExchangeByte                       text8        0005B6
__end_of_SPI_Initialize                         text12       000620
__end_of_SYSTEM_Initialize                      text9        0005D0
__end_of_TMR1_DefaultInterruptHandler           text24       00066C
__end_of_TMR1_ISR                               text23       000472
__end_of_TMR1_Initialize                        text10       0004AA
__end_of_TMR1_SetInterruptHandler               text11       000646
__end_of_TMR1_WriteTimer                        text26       00057E
__end_of__initialization                        cinit        0004CE
__end_of_car                                    mediumconst  007F77
__end_of_fputc                                  text4        00033C
__end_of_main                                   text0        000272
__end_of_myTimer1_ISR                           text25       000506
__end_of_out_dig                                text7        0005FA
__end_of_printf                                 text1        00059C
__end_of_putch                                  text5        00063C
__end_of_sin                                    mediumconst  007FB3
__end_of_spi_configuration                      mediumconst  007FB7
__end_of_tri                                    mediumconst  007F3B
__end_of_vfpfcnvrt                              text3        0003B2
__end_of_vfprintf                               text2        0003F8
__initialization                                cinit        0004AA
__mediumconst                                   mediumconst  007EFE
__pbssCOMRAM                                    bssCOMRAM    000001
__pcinit                                        cinit        0004AA
__pcstackCOMRAM                                 cstackCOMRAM 00002B
__pdataCOMRAM                                   dataCOMRAM   000055
__pidataCOMRAM                                  idataCOMRAM  000668
__pintcode                                      intcode      000008
__pmediumconst                                  mediumconst  007EFE
__pnvCOMRAM                                     nvCOMRAM     00004D
__ptext0                                        text0        000050
__ptext1                                        text1        00057E
__ptext10                                       text10       000472
__ptext11                                       text11       00063C
__ptext12                                       text12       00060E
__ptext13                                       text13       000506
__ptext14                                       text14       000620
__ptext15                                       text15       000664
__ptext16                                       text16       0003F8
__ptext17                                       text17       000646
__ptext18                                       text18       000650
__ptext19                                       text19       00065A
__ptext2                                        text2        0003B2
__ptext20                                       text20       0005FA
__ptext21                                       text21       00052E
__ptext23                                       text23       000436
__ptext24                                       text24       00066A
__ptext25                                       text25       0004DC
__ptext26                                       text26       000556
__ptext27                                       text27       000000
__ptext3                                        text3        00033C
__ptext4                                        text4        000272
__ptext5                                        text5        000632
__ptext6                                        text6        0005D0
__ptext7                                        text7        0005E6
__ptext8                                        text8        00059C
__ptext9                                        text9        0005B6
__ramtop                                        ramtop       000F00
__smallconst                                    smallconst   000000
_car                                            mediumconst  007F3B
_eusart1RxLastError                             bssCOMRAM    00002A
_flag                                           bssCOMRAM    000028
_flags                                          bssCOMRAM    000027
_fputc                                          text4        000272
_i                                              bssCOMRAM    000029
_main                                           text0        000050
_myTimer1_ISR                                   text25       0004DC
_out_dig                                        text7        0005E6
_periode                                        dataCOMRAM   000055
_prec                                           bssCOMRAM    000023
_printf                                         text1        00057E
_putch                                          text5        000632
_sin                                            mediumconst  007F77
_spi_configuration                              mediumconst  007FB3
_timer1ReloadVal                                bssCOMRAM    000025
_tri                                            mediumconst  007EFF
_vfpfcnvrt                                      text3        00033C
_vfprintf                                       text2        0003B2
_width                                          bssCOMRAM    000021
btemp                                           temp         000057
end_of_initialization                           cinit        0004CE
fputc@c                                         cstackCOMRAM 000031
fputc@fp                                        cstackCOMRAM 000033
int$flags                                       temp         000057
intlevel0                                       text         000000
intlevel1                                       text         000000
intlevel2                                       text         000000
intlevel3                                       text         000000
isa$std                                         (abs)        000001
isa$xinst                                       (abs)        000000
main@freq                                       cstackCOMRAM 00004C
main@lecture                                    cstackCOMRAM 00004B
main@lettre                                     cstackCOMRAM 00004A
out_dig@x                                       cstackCOMRAM 000030
printf@ap                                       cstackCOMRAM 000047
printf@fmt                                      cstackCOMRAM 000045
putch@txData                                    cstackCOMRAM 000030
stackhi                                         (abs)        000000
stacklo                                         (abs)        000000
start                                           init         00004C
start_initialization                            cinit        0004AA
ttemp5                                          temp         000058
ttemp6                                          temp         00005B
ttemp7                                          temp         00005F
vfpfcnvrt@ap                                    cstackCOMRAM 00003D
vfpfcnvrt@fmt                                   cstackCOMRAM 00003C
vfpfcnvrt@fp                                    cstackCOMRAM 00003A
vfprintf@ap                                     cstackCOMRAM 000042
vfprintf@cfmt                                   cstackCOMRAM 000043
vfprintf@fmt                                    cstackCOMRAM 000040
vfprintf@fp                                     cstackCOMRAM 00003E
wtemp8                                          temp         000058


MODULE INFORMATION

Module		Function		Class		Link	Load	Size
mcc_generated_files/interrupt_manager.c
		_INTERRUPT_Initialize		CODE           	0664	0000	4
		_INTERRUPT_InterruptManager		CODE           	0008	0000	68

mcc_generated_files/interrupt_manager.c estimated size: 72

mcc_generated_files/pin_manager.c
		_PIN_MANAGER_Initialize		CODE           	0506	0000	40

mcc_generated_files/pin_manager.c estimated size: 40

C:\Program Files\Microchip\xc8\v2.45\pic\sources\c99\common\printf.c
		_printf        		CODE           	057E	0000	30

C:\Program Files\Microchip\xc8\v2.45\pic\sources\c99\common\printf.c estimated size: 30

mcc_generated_files/spi.c
		_SPI_ExchangeByte		CODE           	059C	0000	26
		_SPI_Initialize		CODE           	060E	0000	18

mcc_generated_files/spi.c estimated size: 44

shared
		_car           		MEDIUMCONST    	7F3B	0000	60
		_tri           		MEDIUMCONST    	7EFF	0000	60
		_sin           		MEDIUMCONST    	7F77	0000	60
		__initialization		CODE           	04AA	0000	36
		_spi_configuration		MEDIUMCONST    	7FB3	0000	4

shared estimated size: 220

mcc_generated_files/eusart1.c
		_EUSART1_is_rx_ready		CODE           	05FA	0000	20
		_EUSART1_Initialize		CODE           	03F8	0000	62
		_putch         		CODE           	0632	0000	10
		_EUSART1_SetFramingErrorHandler		CODE           	0650	0000	10
		_EUSART1_Read  		CODE           	052E	0000	40
		_EUSART1_SetOverrunErrorHandler		CODE           	0646	0000	10
		_EUSART1_SetErrorHandler		CODE           	065A	0000	10
		_EUSART1_Write 		CODE           	05D0	0000	22

mcc_generated_files/eusart1.c estimated size: 184

mcc_generated_files/mcc.c
		_OSCILLATOR_Initialize		CODE           	0620	0000	18
		_SYSTEM_Initialize		CODE           	05B6	0000	26

mcc_generated_files/mcc.c estimated size: 44

mcc_generated_files/tmr1.c
		_TMR1_Initialize		CODE           	0472	0000	56
		_TMR1_SetInterruptHandler		CODE           	063C	0000	10
		_TMR1_DefaultInterruptHandler		CODE           	066A	0000	2
		_TMR1_WriteTimer		CODE           	0556	0000	40
		_TMR1_ISR      		CODE           	0436	0000	60

mcc_generated_files/tmr1.c estimated size: 168

main.c
		_out_dig       		CODE           	05E6	0000	20
		_main          		CODE           	0050	0000	546
		_myTimer1_ISR  		CODE           	04DC	0000	42

main.c estimated size: 608

C:\Program Files\Microchip\xc8\v2.45\pic\sources\c99\common\nf_fputc.c
		_fputc         		CODE           	0272	0000	202

C:\Program Files\Microchip\xc8\v2.45\pic\sources\c99\common\nf_fputc.c estimated size: 202

C:\Program Files\Microchip\xc8\v2.45\pic\sources\c99\common\doprnt.c
		_vfpfcnvrt     		CODE           	033C	0000	118
		_vfprintf      		CODE           	03B2	0000	70

C:\Program Files\Microchip\xc8\v2.45\pic\sources\c99\common\doprnt.c estimated size: 188

